<html>
<body>
<pre>
<h1>礦ision Build Log</h1>
<h2>Tool Versions:</h2>
IDE-Version: μVision V5.27.1.0
Copyright (C) 2019 ARM Ltd and ARM Germany GmbH. All rights reserved.
License Information: 软件科技汇 rjkjhui, rjkjhui, LIC=YA39H-WEHAQ-JJC6S-L7274-KIDF7-F05RV
 
Tool Versions:
Toolchain:       MDK-ARM Plus  Version: 5.36.0.0
Toolchain Path:  D:\xiaosaiHistriaCarlFritz\ARM\ARMCC\Bin
C Compiler:      Armcc.exe V5.06 update 7 (build 960)
Assembler:       Armasm.exe V5.06 update 7 (build 960)
Linker/Locator:  ArmLink.exe V5.06 update 7 (build 960)
Library Manager: ArmAr.exe V5.06 update 7 (build 960)
Hex Converter:   FromElf.exe V5.06 update 7 (build 960)
CPU DLL:         SARMCM3.DLL V5.36.0.0
Dialog DLL:      DARMSTM.DLL V1.68.0.0
Target DLL:      CMSIS_AGDI.dll V1.33.0.0
Dialog DLL:      TARMSTM.DLL V1.66.0.0
 
<h2>Project:</h2>
C:\Users\86181\Desktop\新建文件夹\近期搬运\国赛第九版程序-改\USER\PWM.uvprojx
Project File Date:  06/05/2022

<h2>Output:</h2>
*** Using Compiler 'V5.06 update 7 (build 960)', folder: 'D:\xiaosaiHistriaCarlFritz\ARM\ARMCC\Bin'
Rebuild target 'Target 1'
compiling led.c...
compiling stm32f10x_it.c...
compiling pwm.c...
compiling system_stm32f10x.c...
compiling catch.c...
compiling main.c...
main.c(571): warning:  #1-D: last line of file ends without a newline
  }
main.c: 1 warning, 0 errors
compiling follow_line.c...
assembling startup_stm32f10x_hd.s...
compiling core_cm3.c...
compiling delay.c...
compiling usart.c...
compiling color.c...
..\HARDWARE\COLOR\color.c(361): warning:  #550-D: variable "rgb_value"  was set but never used
     u16 rgb_value=0;	
..\HARDWARE\COLOR\color.c: 1 warning, 0 errors
compiling follow_color.c...
..\HARDWARE\follow_color\follow_color.c(247): warning:  #177-D: variable "ff"  was declared but never referenced
  	 int ff=1; 
..\HARDWARE\follow_color\follow_color.c(285): warning:  #177-D: variable "ff"  was declared but never referenced
  	 int ff=1;
..\HARDWARE\follow_color\follow_color.c: 2 warnings, 0 errors
compiling sys.c...
compiling stm32f10x_gpio.c...
compiling stm32f10x_rcc.c...
compiling stm32f10x_usart.c...
compiling misc.c...
compiling stm32f10x_exti.c...
compiling stm32f10x_tim.c...
linking...
Program Size: Code=19848 RO-data=336 RW-data=100 ZI-data=1836  
FromELF: creating hex file...
"..\OBJ\PWM.axf" - 0 Error(s), 4 Warning(s).

<h2>Software Packages used:</h2>

Package Vendor: Keil
                http://www.keil.com/pack/Keil.STM32F1xx_DFP.1.0.5.pack
                Keil.STM32F1xx_DFP.1.0.5
                STMicroelectronics STM32F1 Series Device Support, Drivers and Examples

<h2>Collection of Component include folders:</h2>
  .\RTE\_Target_1
  D:\xiaosai\Keil\STM32F1xx_DFP\1.0.5\Device\Include

<h2>Collection of Component Files used:</h2>
Build Time Elapsed:  00:00:04
</pre>
</body>
</html>
